// Jest Snapshot v1, https://goo.gl/fbAQLP

exports[`UploadDefaultBtn 1`] = `
<div>
  <div
    class="corn-upload-btn corn-f corn-ac corn-jc"
    data-testid="upload-btn"
  >
    <input
      accept="video/*,image/*"
      class="corn-upload-mask"
      data-testid="uplaod-btn"
      multiple=""
      type="file"
    />
    <i
      class="corn-icon corn-i-img"
    />
  </div>
</div>
`;
