// Jest Snapshot v1, https://goo.gl/fbAQLP

exports[`Uplaod.h5 快照 1`] = `
<div>
  <div
    class="corn-upload corn-upload-row"
  >
    <div
      class="corn-upload-btn corn-f corn-ac corn-jc"
      data-testid="upload-btn"
    >
      <input
        accept="video/*,image/*"
        class="corn-upload-mask"
        data-testid="uplaod-btn"
        multiple=""
        type="file"
      />
      <i
        class="corn-icon corn-i-img"
      />
    </div>
  </div>
</div>
`;

exports[`Uplaod.h5 渲染自定义按钮 1`] = `
<div>
  <div
    class="corn-upload corn-upload-row"
  >
    <div>
      upload
    </div>
  </div>
</div>
`;
